// Jest Snapshot v1, https://goo.gl/fbAQLP

exports[`should render demo and match snapshot 1`] = `
<main>
  <k-flex
    gap="md"
    style="padding-bottom: 16px"
    vertical="{{true}}"
  >
    <demo-block
      padding="{{true}}"
      title="基础用法"
    >
      <k-button
        size="sm"
        type="primary"
        variant="clear"
        bind:click="onClickBasicOpen"
      >
         Open 
      </k-button>
      <k-popup
        style="padding: 100px"
        visible="{{false}}"
        bind:close="onClickBasicClose"
      />
    </demo-block>
    <demo-block
      padding="{{true}}"
      title="弹出位置"
    >
      <k-space>
        <k-button
          size="sm"
          type="primary"
          variant="clear"
          bind:click="onClickTopOpen"
        >
           Top 
        </k-button>
        <k-button
          size="sm"
          type="primary"
          variant="clear"
          bind:click="onClickRightOpen"
        >
           Right 
        </k-button>
        <k-button
          size="sm"
          type="primary"
          variant="clear"
          bind:click="onClickBottomOpen"
        >
           Bottom 
        </k-button>
        <k-button
          size="sm"
          type="primary"
          variant="clear"
          bind:click="onClickLeftOpen"
        >
           Left 
        </k-button>
      </k-space>
      <k-popup
        placement="top"
        style="height: 260px"
        visible="{{false}}"
        bind:close="onClickTopClose"
      />
      <k-popup
        placement="right"
        style="width: 20%; height: 100%"
        visible="{{false}}"
        bind:close="onClickRightClose"
      />
      <k-popup
        placement="bottom"
        style="height: 260px"
        visible="{{false}}"
        bind:close="onClickBottomClose"
      />
      <k-popup
        placement="left"
        style="width: 20%; height: 100%"
        visible="{{false}}"
        bind:close="onClickLeftClose"
      />
    </demo-block>
    <demo-block
      padding="{{true}}"
      title="形状"
    >
      <k-button
        size="sm"
        type="primary"
        variant="clear"
        bind:click="onClickRoundOpen"
      >
         Round 
      </k-button>
      <k-popup
        shape="round"
        style="padding: 100px"
        visible="{{false}}"
        bind:close="onClickRoundClose"
      />
    </demo-block>
    <demo-block
      padding="{{true}}"
      title="关闭按钮"
    >
      <k-button
        size="sm"
        type="primary"
        variant="clear"
        bind:click="onClickCloseOpen"
      >
         Open 
      </k-button>
      <k-popup
        closable="{{true}}"
        style="padding: 100px"
        visible="{{false}}"
        bind:close="onClickCloseClose"
      />
    </demo-block>
  </k-flex>
</main>
`;
