// Jest Snapshot v1, https://goo.gl/fbAQLP

exports[`should render demo and match snapshot 1`] = `
<main>
  <k-flex
    gap="md"
    style="padding-bottom: 16px"
    vertical="{{true}}"
  >
    <demo-block
      padding="{{true}}"
      title="基础用法"
    >
      <k-space>
        <k-icon
          name="star"
          size="32"
        />
        <k-icon
          name="camera"
          size="32"
        />
      </k-space>
    </demo-block>
    <demo-block
      padding="{{true}}"
      title="图标颜色"
    >
      <k-space>
        <k-icon
          color="#298dff"
          name="star"
          size="32"
        />
        <k-icon
          color="#f64784"
          name="delete"
          size="32"
        />
      </k-space>
    </demo-block>
    <demo-block
      padding="{{true}}"
      title="图标大小"
    >
      <k-space>
        <k-icon
          name="star"
          size="32"
        />
        <k-icon
          name="star"
          size="40"
        />
      </k-space>
    </demo-block>
    <demo-block
      padding="{{true}}"
      title="基础图标"
    >
      <k-row
        gutter="{{
          [
            0,
            16,
          ]
        }}"
      >
        <k-col
          span="6"
        >
          <k-icon
            name="camera-filled"
            size="32"
          />
          <wx-text
            class="text"
          >
            camera-filled
          </wx-text>
        </k-col>
        <k-col
          span="6"
        >
          <k-icon
            name="camera"
            size="32"
          />
          <wx-text
            class="text"
          >
            camera
          </wx-text>
        </k-col>
        <k-col
          span="6"
        >
          <k-icon
            name="caret-down"
            size="32"
          />
          <wx-text
            class="text"
          >
            caret-down
          </wx-text>
        </k-col>
        <k-col
          span="6"
        >
          <k-icon
            name="caret-left"
            size="32"
          />
          <wx-text
            class="text"
          >
            caret-left
          </wx-text>
        </k-col>
        <k-col
          span="6"
        >
          <k-icon
            name="caret-right"
            size="32"
          />
          <wx-text
            class="text"
          >
            caret-right
          </wx-text>
        </k-col>
        <k-col
          span="6"
        >
          <k-icon
            name="caret-up"
            size="32"
          />
          <wx-text
            class="text"
          >
            caret-up
          </wx-text>
        </k-col>
        <k-col
          span="6"
        >
          <k-icon
            name="check-circle-filled"
            size="32"
          />
          <wx-text
            class="text"
          >
            check-circle-filled
          </wx-text>
        </k-col>
        <k-col
          span="6"
        >
          <k-icon
            name="check-circle"
            size="32"
          />
          <wx-text
            class="text"
          >
            check-circle
          </wx-text>
        </k-col>
        <k-col
          span="6"
        >
          <k-icon
            name="check"
            size="32"
          />
          <wx-text
            class="text"
          >
            check
          </wx-text>
        </k-col>
        <k-col
          span="6"
        >
          <k-icon
            name="clock-circle-filled"
            size="32"
          />
          <wx-text
            class="text"
          >
            clock-circle-filled
          </wx-text>
        </k-col>
        <k-col
          span="6"
        >
          <k-icon
            name="clock-circle"
            size="32"
          />
          <wx-text
            class="text"
          >
            clock-circle
          </wx-text>
        </k-col>
        <k-col
          span="6"
        >
          <k-icon
            name="close-circle-filled"
            size="32"
          />
          <wx-text
            class="text"
          >
            close-circle-filled
          </wx-text>
        </k-col>
        <k-col
          span="6"
        >
          <k-icon
            name="close-circle"
            size="32"
          />
          <wx-text
            class="text"
          >
            close-circle
          </wx-text>
        </k-col>
        <k-col
          span="6"
        >
          <k-icon
            name="close"
            size="32"
          />
          <wx-text
            class="text"
          >
            close
          </wx-text>
        </k-col>
        <k-col
          span="6"
        >
          <k-icon
            name="delete"
            size="32"
          />
          <wx-text
            class="text"
          >
            delete
          </wx-text>
        </k-col>
        <k-col
          span="6"
        >
          <k-icon
            name="delete-filled"
            size="32"
          />
          <wx-text
            class="text"
          >
            delete-filled
          </wx-text>
        </k-col>
        <k-col
          span="6"
        >
          <k-icon
            name="down-circle-filled"
            size="32"
          />
          <wx-text
            class="text"
          >
            down-circle-filled
          </wx-text>
        </k-col>
        <k-col
          span="6"
        >
          <k-icon
            name="down-circle"
            size="32"
          />
          <wx-text
            class="text"
          >
            down-circle
          </wx-text>
        </k-col>
        <k-col
          span="6"
        >
          <k-icon
            name="down"
            size="32"
          />
          <wx-text
            class="text"
          >
            down
          </wx-text>
        </k-col>
        <k-col
          span="6"
        >
          <k-icon
            name="download"
            size="32"
          />
          <wx-text
            class="text"
          >
            download
          </wx-text>
        </k-col>
        <k-col
          span="6"
        >
          <k-icon
            name="edit-filled"
            size="32"
          />
          <wx-text
            class="text"
          >
            edit-filled
          </wx-text>
        </k-col>
        <k-col
          span="6"
        >
          <k-icon
            name="edit"
            size="32"
          />
          <wx-text
            class="text"
          >
            edit
          </wx-text>
        </k-col>
        <k-col
          span="6"
        >
          <k-icon
            name="ellipsis"
            size="32"
          />
          <wx-text
            class="text"
          >
            ellipsis
          </wx-text>
        </k-col>
        <k-col
          span="6"
        >
          <k-icon
            name="exclamation-circle-filled"
            size="32"
          />
          <wx-text
            class="text"
          >
            exclamation-circle-filled
          </wx-text>
        </k-col>
        <k-col
          span="6"
        >
          <k-icon
            name="exclamation-circle"
            size="32"
          />
          <wx-text
            class="text"
          >
            exclamation-circle
          </wx-text>
        </k-col>
        <k-col
          span="6"
        >
          <k-icon
            name="fast-backward"
            size="32"
          />
          <wx-text
            class="text"
          >
            fast-backward
          </wx-text>
        </k-col>
        <k-col
          span="6"
        >
          <k-icon
            name="fast-forward"
            size="32"
          />
          <wx-text
            class="text"
          >
            fast-forward
          </wx-text>
        </k-col>
        <k-col
          span="6"
        >
          <k-icon
            name="heart-filled"
            size="32"
          />
          <wx-text
            class="text"
          >
            heart-filled
          </wx-text>
        </k-col>
        <k-col
          span="6"
        >
          <k-icon
            name="heart"
            size="32"
          />
          <wx-text
            class="text"
          >
            heart
          </wx-text>
        </k-col>
        <k-col
          span="6"
        >
          <k-icon
            name="info-circle-filled"
            size="32"
          />
          <wx-text
            class="text"
          >
            info-circle-filled
          </wx-text>
        </k-col>
        <k-col
          span="6"
        >
          <k-icon
            name="info-circle"
            size="32"
          />
          <wx-text
            class="text"
          >
            info-circle
          </wx-text>
        </k-col>
        <k-col
          span="6"
        >
          <k-icon
            name="left-circle-filled"
            size="32"
          />
          <wx-text
            class="text"
          >
            left-circle-filled
          </wx-text>
        </k-col>
        <k-col
          span="6"
        >
          <k-icon
            name="left-circle"
            size="32"
          />
          <wx-text
            class="text"
          >
            left-circle
          </wx-text>
        </k-col>
        <k-col
          span="6"
        >
          <k-icon
            name="left"
            size="32"
          />
          <wx-text
            class="text"
          >
            left
          </wx-text>
        </k-col>
        <k-col
          span="6"
        >
          <k-icon
            name="line"
            size="32"
          />
          <wx-text
            class="text"
          >
            line
          </wx-text>
        </k-col>
        <k-col
          span="6"
        >
          <k-icon
            name="minus-circle-filled"
            size="32"
          />
          <wx-text
            class="text"
          >
            minus-circle-filled
          </wx-text>
        </k-col>
        <k-col
          span="6"
        >
          <k-icon
            name="minus-circle"
            size="32"
          />
          <wx-text
            class="text"
          >
            minus-circle
          </wx-text>
        </k-col>
        <k-col
          span="6"
        >
          <k-icon
            name="minus"
            size="32"
          />
          <wx-text
            class="text"
          >
            minus
          </wx-text>
        </k-col>
        <k-col
          span="6"
        >
          <k-icon
            name="pause-circle-filled"
            size="32"
          />
          <wx-text
            class="text"
          >
            pause-circle-filled
          </wx-text>
        </k-col>
        <k-col
          span="6"
        >
          <k-icon
            name="pause-circle"
            size="32"
          />
          <wx-text
            class="text"
          >
            pause-circle
          </wx-text>
        </k-col>
        <k-col
          span="6"
        >
          <k-icon
            name="pause"
            size="32"
          />
          <wx-text
            class="text"
          >
            pause
          </wx-text>
        </k-col>
        <k-col
          span="6"
        >
          <k-icon
            name="picture-filled"
            size="32"
          />
          <wx-text
            class="text"
          >
            picture-filled
          </wx-text>
        </k-col>
        <k-col
          span="6"
        >
          <k-icon
            name="picture"
            size="32"
          />
          <wx-text
            class="text"
          >
            picture
          </wx-text>
        </k-col>
        <k-col
          span="6"
        >
          <k-icon
            name="play-circle-filled"
            size="32"
          />
          <wx-text
            class="text"
          >
            play-circle-filled
          </wx-text>
        </k-col>
        <k-col
          span="6"
        >
          <k-icon
            name="play-circle"
            size="32"
          />
          <wx-text
            class="text"
          >
            play-circle
          </wx-text>
        </k-col>
        <k-col
          span="6"
        >
          <k-icon
            name="plus-circle-filled"
            size="32"
          />
          <wx-text
            class="text"
          >
            plus-circle-filled
          </wx-text>
        </k-col>
        <k-col
          span="6"
        >
          <k-icon
            name="plus-circle"
            size="32"
          />
          <wx-text
            class="text"
          >
            plus-circle
          </wx-text>
        </k-col>
        <k-col
          span="6"
        >
          <k-icon
            name="plus"
            size="32"
          />
          <wx-text
            class="text"
          >
            plus
          </wx-text>
        </k-col>
        <k-col
          span="6"
        >
          <k-icon
            name="question-circle-filled"
            size="32"
          />
          <wx-text
            class="text"
          >
            question-circle-filled
          </wx-text>
        </k-col>
        <k-col
          span="6"
        >
          <k-icon
            name="question-circle"
            size="32"
          />
          <wx-text
            class="text"
          >
            question-circle
          </wx-text>
        </k-col>
        <k-col
          span="6"
        >
          <k-icon
            name="right-circle-filled"
            size="32"
          />
          <wx-text
            class="text"
          >
            right-circle-filled
          </wx-text>
        </k-col>
        <k-col
          span="6"
        >
          <k-icon
            name="right-circle"
            size="32"
          />
          <wx-text
            class="text"
          >
            right-circle
          </wx-text>
        </k-col>
        <k-col
          span="6"
        >
          <k-icon
            name="right"
            size="32"
          />
          <wx-text
            class="text"
          >
            right
          </wx-text>
        </k-col>
        <k-col
          span="6"
        >
          <k-icon
            name="search"
            size="32"
          />
          <wx-text
            class="text"
          >
            search
          </wx-text>
        </k-col>
        <k-col
          span="6"
        >
          <k-icon
            name="star-2"
            size="32"
          />
          <wx-text
            class="text"
          >
            star-2
          </wx-text>
        </k-col>
        <k-col
          span="6"
        >
          <k-icon
            name="star"
            size="32"
          />
          <wx-text
            class="text"
          >
            star
          </wx-text>
        </k-col>
        <k-col
          span="6"
        >
          <k-icon
            name="step-backward"
            size="32"
          />
          <wx-text
            class="text"
          >
            step-backward
          </wx-text>
        </k-col>
        <k-col
          span="6"
        >
          <k-icon
            name="step-forward"
            size="32"
          />
          <wx-text
            class="text"
          >
            step-forward
          </wx-text>
        </k-col>
        <k-col
          span="6"
        >
          <k-icon
            name="stop-filled"
            size="32"
          />
          <wx-text
            class="text"
          >
            stop-filled
          </wx-text>
        </k-col>
        <k-col
          span="6"
        >
          <k-icon
            name="stop"
            size="32"
          />
          <wx-text
            class="text"
          >
            stop
          </wx-text>
        </k-col>
        <k-col
          span="6"
        >
          <k-icon
            name="swap-left"
            size="32"
          />
          <wx-text
            class="text"
          >
            swap-left
          </wx-text>
        </k-col>
        <k-col
          span="6"
        >
          <k-icon
            name="swap-right"
            size="32"
          />
          <wx-text
            class="text"
          >
            swap-right
          </wx-text>
        </k-col>
        <k-col
          span="6"
        >
          <k-icon
            name="swap"
            size="32"
          />
          <wx-text
            class="text"
          >
            swap
          </wx-text>
        </k-col>
        <k-col
          span="6"
        >
          <k-icon
            name="up-circle-filled"
            size="32"
          />
          <wx-text
            class="text"
          >
            up-circle-filled
          </wx-text>
        </k-col>
        <k-col
          span="6"
        >
          <k-icon
            name="up-circle"
            size="32"
          />
          <wx-text
            class="text"
          >
            up-circle
          </wx-text>
        </k-col>
        <k-col
          span="6"
        >
          <k-icon
            name="up"
            size="32"
          />
          <wx-text
            class="text"
          >
            up
          </wx-text>
        </k-col>
        <k-col
          span="6"
        >
          <k-icon
            name="upload"
            size="32"
          />
          <wx-text
            class="text"
          >
            upload
          </wx-text>
        </k-col>
        <k-col
          span="6"
        >
          <k-icon
            name="zoom-in"
            size="32"
          />
          <wx-text
            class="text"
          >
            zoom-in
          </wx-text>
        </k-col>
        <k-col
          span="6"
        >
          <k-icon
            name="zoom-out"
            size="32"
          />
          <wx-text
            class="text"
          >
            zoom-out
          </wx-text>
        </k-col>
      </k-row>
    </demo-block>
  </k-flex>
</main>
`;