// Jest Snapshot v1, https://goo.gl/fbAQLP

exports[`transition should render transition add match snapshot 1`] = `undefined`;
