// Jest Snapshot v1, https://goo.gl/fbAQLP

exports[`should render demo and match snapshot 1`] = `
<main>
  <k-flex
    gap="md"
    style="padding-bottom: 16px"
    vertical="{{true}}"
  >
    <demo-block
      padding="{{true}}"
      title="基本用法"
    >
      <k-space>
        <k-button
          type="primary"
        >
          Primary
        </k-button>
        <k-button
          type="secondary"
        >
          Secondary
        </k-button>
        <k-button
          type="success"
        >
          Success
        </k-button>
      </k-space>
    </demo-block>
    <demo-block
      padding="{{true}}"
      title="垂直间距"
    >
      <k-space
        align="start"
        vertical="{{true}}"
      >
        <k-button
          type="primary"
        >
          Primary
        </k-button>
        <k-button
          type="secondary"
        >
          Secondary
        </k-button>
        <k-button
          type="success"
        >
          Success
        </k-button>
      </k-space>
    </demo-block>
    <demo-block
      padding="{{true}}"
      title="间距大小"
    >
      <k-space
        size="16"
      >
        <k-button
          type="primary"
        >
          Primary
        </k-button>
        <k-button
          type="secondary"
        >
          Secondary
        </k-button>
        <k-button
          type="success"
        >
          Success
        </k-button>
      </k-space>
    </demo-block>
    <demo-block
      padding="{{true}}"
      title="对齐"
    >
      <k-space
        align="center"
      >
        <wx-text>
          center
        </wx-text>
        <k-button
          size="lg"
          type="primary"
        >
          Primary
        </k-button>
        <wx-view
          style="padding: 20px 10px 30px; background-color: #d4d4d8"
        >
          Block
        </wx-view>
      </k-space>
    </demo-block>
    <demo-block
      padding="{{true}}"
      title="自动换行"
    >
      <k-space
        wrap="{{true}}"
      >
        <k-button>
          Default
        </k-button>
        <k-button
          type="primary"
        >
          Primary
        </k-button>
        <k-button
          type="secondary"
        >
          Secondary
        </k-button>
        <k-button
          type="success"
        >
          Success
        </k-button>
        <k-button
          type="warning"
        >
          Warning
        </k-button>
        <k-button
          type="danger"
        >
          Danger
        </k-button>
      </k-space>
    </demo-block>
  </k-flex>
</main>
`;