// Jest Snapshot v1, https://goo.gl/fbAQLP

exports[`should render demo and match snapshot 1`] = `
<main>
  <k-flex
    gap="md"
    style="padding-bottom: 16px"
    vertical="{{true}}"
  >
    <demo-block
      title="基础用法"
    >
      <k-flex
        gap="md"
        vertical="{{true}}"
      >
        <k-swipe-cell>
          <k-cell
            border="{{false}}"
            title="左滑操作"
            value="辅助信息"
          />
          <wx-view
            class="k-swipe-cell__actions"
            slot="right"
          >
            <k-button
              shape="square"
              type="primary"
            >
              编辑
            </k-button>
            <k-button
              shape="square"
              type="danger"
            >
              删除
            </k-button>
          </wx-view>
        </k-swipe-cell>
        <k-swipe-cell>
          <k-cell
            border="{{false}}"
            title="右滑操作"
            value="辅助信息"
          />
          <wx-view
            class="k-swipe-cell__actions"
            slot="left"
          >
            <k-button
              shape="square"
              type="primary"
            >
              编辑
            </k-button>
            <k-button
              shape="square"
              type="danger"
            >
              删除
            </k-button>
          </wx-view>
        </k-swipe-cell>
        <k-swipe-cell>
          <k-cell
            border="{{false}}"
            title="左右滑操作"
            value="辅助信息"
          />
          <wx-view
            class="k-swipe-cell__actions"
            slot="left"
          >
            <k-button
              shape="square"
              type="primary"
            >
              编辑
            </k-button>
          </wx-view>
          <wx-view
            class="k-swipe-cell__actions"
            slot="right"
          >
            <k-button
              shape="square"
              type="danger"
            >
              删除
            </k-button>
          </wx-view>
        </k-swipe-cell>
      </k-flex>
    </demo-block>
  </k-flex>
</main>
`;
