// Jest Snapshot v1, https://goo.gl/fbAQLP

exports[`flex should render flex and match snapshot 1`] = `
<wx-view
  class="k-class k-flex "
  id=""
  style=""
/>
`;
